error[E0308]: mismatched types
 --> tests/compile-fail/misc_unit_assignments.rs:7:18
  |
7 |     let _c = a + b;
  |                  ^ expected `Quantity<_, ..., ...>`, found `Quantity<f64, ..., ...>`
  |
  = note: expected struct `Quantity<_, SiDim<Z0, Z0, NInt<UInt<UTerm, B1>>, Z0, Z0, Z0, Z0>, AngleKind>`
             found struct `Quantity<f64, SiDim<Z0, Z0, NInt<UInt<UTerm, B1>>, Z0, Z0, Z0, Z0>, ()>`
